final_regressor = models/active_cover.model
Num weight bits = 18
learning rate = 0.5
initial_t = 0
power_t = 0.5
using no cache
Reading datafile = train-sets/rcv1_mini.dat
num sources = 1
average  since         example        example  current  current  current
loss     last          counter         weight    label  predict features
0.000000 0.000000            1            1.0  -1.0000  -1.0000      128
0.000000 0.000000            2            2.0  -1.0000  -1.0000       44
0.198047 0.327943            4            5.0  -1.0000  -1.0000      190
0.291861 0.372267            7           10.9  unknown  -1.0000       56
0.144068 0.000000           15           22.2  unknown  -1.0000      151
0.129214 0.114645           33           44.8  unknown  -1.0000       37
0.192205 0.254253           64           90.2   1.0000  -1.0000       54
0.219754 0.247257          131          180.6   1.0000  -1.0000      172
0.158519 0.099338          236          367.4   1.0000   1.0000      119

finished run
number of examples per pass = 250
passes used = 1
weighted example sum = 387.077156
weighted label sum = 15.627778
average loss = 0.160267
best constant = 0.133155
best constant's loss = 0.690936
total feature number = 19393
total queries = 98

