Num weight bits = 18
learning rate = 0.5
initial_t = 0
power_t = 0.5
decay_learning_rate = 1
creating cache_file = train-sets/lda-2pass-hang.dat.cache
Reading datafile = train-sets/lda-2pass-hang.dat
num sources = 1
average  since         example        example  current  current  current
loss     last          counter         weight    label  predict features
12.797090 12.797090            1            1.0  unknown   0.0000      201
12.934243 13.071397            2            2.0  unknown   0.0000      220
13.476183 14.018123            4            4.0  unknown   0.0000      136
14.728624 15.981066            8            8.0  unknown   0.0000      371
15.885568 17.042511           16           16.0  unknown   0.0000      138
17.174046 18.462524           32           32.0  unknown   0.0000      276
17.150282 17.126519           64           64.0  unknown   0.0000       55
16.497431 15.844579          128          128.0  unknown   0.0000      131
15.939754 15.382077          256          256.0  unknown   0.0000      433
15.306318 14.672882          512          512.0  unknown   0.0000       61

finished run
number of examples = 1000
weighted example sum = 1000.000000
weighted label sum = 0.000000
average loss = 14.332799
total feature number = 193156
