Num weight bits = 13
learning rate = 1
initial_t = 0
power_t = 0.5
using no cache
Reading datafile = train-sets/wiki256.dat
num sources = 1
average  since         example        example  current  current  current
loss     last          counter         weight    label  predict features
10.149310 10.149310            1            1.0  unknown   0.0000      732
10.369818 10.590325            2            2.0  unknown   0.0000       27
10.325930 10.282042            4            4.0  unknown   0.0000       53
10.401770 10.477610            8            8.0  unknown   0.0000       60
10.356288 10.310807           16           16.0  unknown   0.0000       26
10.472941 10.589594           32           32.0  unknown   0.0000      125
10.474847 10.476754           64           64.0  unknown   0.0000      313
10.425305 10.375763          128          128.0  unknown   0.0000       50
10.005553 9.585801          256          256.0  unknown   0.0000       33

finished run
number of examples = 256
weighted example sum = 256.000000
weighted label sum = 0.000000
average loss = 10.005553
total feature number = 22158
